// Jest Snapshot v1, https://goo.gl/fbAQLP

exports[`ActivityTab rendering renders the component 1`] = `
<div>
  <Button
    data-id="add-button"
    icon={<ForwardRef(PlusOutlined) />}
    onClick={[Function]}
    type="primary"
  >
    Add new activity
  </Button>
  <AddActivityModal
    data-id="add-activity-modal"
    setVisible={[Function]}
    visible={false}
  />
  <ActivityList
    activities={Array []}
  />
</div>
`;
